C51 COMPILER V9.54   ESP8266                                                               09/28/2022 21:07:26 PAGE 1   


C51 COMPILER V9.54, COMPILATION OF MODULE ESP8266
OBJECT MODULE PLACED IN .\Objects\ESP8266.obj
COMPILER INVOKED BY: D:\keil5\C51\BIN\C51.EXE hardware\ESP8266.c OPTIMIZE(8,SPEED) BROWSE INCDIR(.\hardware;.\software) 
                    -DEBUG OBJECTEXTEND PRINT(.\Listings\ESP8266.lst) TABS(2) OBJECT(.\Objects\ESP8266.obj)

line level    source

   1          #include <REGX51.H>
   2          #include <string.h>
   3          #include "uart.h"
   4          #include "string.h"
   5          #include "delay.h"
   6          unsigned char receiveData[20];
   7          void Esp8266_Init(void)
   8          {
   9   1        
  10   1        delay(1000);
  11   1        Uart_SendCmd("\r\n");
  12   1        Uart_SendCmd("AT+CWMODE=3");
  13   1        Uart_SendCmd("AT+UART=9600,8,1,0,0");
  14   1      //  Uart_SendCmd("AT+CWSAP=\"ESP8266\",\"12345678\",11,3");
  15   1      //  Uart_SendCmd("AT+CIPMUX=1");
  16   1        Uart_SendCmd("AT+CWJAP=\"Shinobu\",\"qweasdzxc12345\"");
  17   1        delay(3000);
  18   1      //  Uart_SendCmd("AT+CIPSTART=\"TCP\",\"192.168.0.103\",8080");
  19   1        Uart_SendCmd("AT+ATKCLDSTA=\"25277845249322331143\",\"12345678\"");
  20   1        delay(3000);
  21   1      ////  delay(3000);
  22   1      //  Uart_SendCmd("AT+CIPSERVER=1,8080");
  23   1      ////  Uart_SendStr("AT+CWQAP\r\n");
  24   1      ////  delay(1000);
  25   1      
  26   1      
  27   1      }


MODULE INFORMATION:   STATIC OVERLAYABLE
   CODE SIZE        =     66    ----
   CONSTANT SIZE    =    119    ----
   XDATA SIZE       =   ----    ----
   PDATA SIZE       =   ----    ----
   DATA SIZE        =     20    ----
   IDATA SIZE       =   ----    ----
   BIT SIZE         =   ----    ----
END OF MODULE INFORMATION.


C51 COMPILATION COMPLETE.  0 WARNING(S),  0 ERROR(S)
